warning: Git tree '/home/v0idshil/nixos-dotfiles' is dirty
building the system configuration...
warning: Git tree '/home/v0idshil/nixos-dotfiles' is dirty
evaluation warning: The option `vim.languages.enableLSP' defined in `/nix/store/jy1n2cgnr3sgqcm6pcw68ydddb295i0b-source/nvf/nvf_conf.nix' has been renamed to `vim.lsp.enable'.
evaluation warning: The xorg package set has been deprecated, 'xorg.libxcb' has been renamed to 'libxcb'
these 8 derivations will be built:
  /nix/store/hp4x4gm3z57nvjwdzif7jcb5h0gfdffi-hm_alacritty.drv
  /nix/store/zw0g4kw4k68a782mcig015z9yri72h8z-home-manager-files.drv
  /nix/store/5pffi8jw7yxx0jpkf8asxkkl5x016w9c-home-manager-generation.drv
  /nix/store/d0l7g2b6kpb5bqz74y11nsyrjb9d2b1w-unit-home-manager-v0idshil.service.drv
  /nix/store/ki27nz1qw3hx151za9jj9fjxd2qkmxhb-system-units.drv
  /nix/store/bhr83a75k0bglhdk6z3nzm29qgqqc83v-etc.drv
  /nix/store/8i42pyb2zqcq6mc2624inaj9zwgj4z1l-activate.drv
  /nix/store/55lb1bb58nhghqz516b79irzxbsclmsn-nixos-system-nixos-26.05.20260217.0182a36.drv
building '/nix/store/hp4x4gm3z57nvjwdzif7jcb5h0gfdffi-hm_alacritty.drv'...
building '/nix/store/zw0g4kw4k68a782mcig015z9yri72h8z-home-manager-files.drv'...
building '/nix/store/5pffi8jw7yxx0jpkf8asxkkl5x016w9c-home-manager-generation.drv'...
building '/nix/store/d0l7g2b6kpb5bqz74y11nsyrjb9d2b1w-unit-home-manager-v0idshil.service.drv'...
building '/nix/store/ki27nz1qw3hx151za9jj9fjxd2qkmxhb-system-units.drv'...
building '/nix/store/bhr83a75k0bglhdk6z3nzm29qgqqc83v-etc.drv'...
building '/nix/store/8i42pyb2zqcq6mc2624inaj9zwgj4z1l-activate.drv'...
building '/nix/store/55lb1bb58nhghqz516b79irzxbsclmsn-nixos-system-nixos-26.05.20260217.0182a36.drv'...
Checking switch inhibitors... done
activating the configuration...
setting up /etc...
reloading user units for v0idshil...
restarting sysinit-reactivation.target
restarting the following units: home-manager-v0idshil.service
the following new units were started: NetworkManager-dispatcher.service
Done. The new configuration is /nix/store/2q2m8sx62d3x6jmxrylz6qk528l7zchh-nixos-system-nixos-26.05.20260217.0182a36
